[INFO] Scanning for projects...
[INFO] 
[INFO] --------------------------< com.backend:gns >---------------------------
[INFO] Building  0.0.1-SNAPSHOT
[INFO]   from pom.xml
[INFO] --------------------------------[ jar ]---------------------------------
[INFO] 
[INFO] --- clean:3.4.0:clean (default-clean) @ gns ---
[INFO] Deleting /home/jude/Documents/code/gns/target
[INFO] 
[INFO] --- resources:3.3.1:resources (default-resources) @ gns ---
[INFO] Copying 2 resources from src/main/resources to target/classes
[INFO] Copying 12 resources from src/main/resources to target/classes
[INFO] 
[INFO] --- compiler:3.13.0:compile (default-compile) @ gns ---
[INFO] Recompiling the module because of changed source code.
[INFO] Compiling 236 source files with javac [debug parameters release 17] to target/classes
[INFO] /home/jude/Documents/code/gns/src/main/java/com/backend/gns/core/security/jwt/JwtService.java: /home/jude/Documents/code/gns/src/main/java/com/backend/gns/core/security/jwt/JwtService.java uses or overrides a deprecated API.
[INFO] /home/jude/Documents/code/gns/src/main/java/com/backend/gns/core/security/jwt/JwtService.java: Recompile with -Xlint:deprecation for details.
[INFO] /home/jude/Documents/code/gns/src/main/java/com/backend/gns/core/storage/CloudinaryStorageService.java: /home/jude/Documents/code/gns/src/main/java/com/backend/gns/core/storage/CloudinaryStorageService.java uses unchecked or unsafe operations.
[INFO] /home/jude/Documents/code/gns/src/main/java/com/backend/gns/core/storage/CloudinaryStorageService.java: Recompile with -Xlint:unchecked for details.
[INFO] -------------------------------------------------------------
[ERROR] COMPILATION ERROR : 
[INFO] -------------------------------------------------------------
[ERROR] /home/jude/Documents/code/gns/src/main/java/com/backend/gns/core/security/userDetailsConf/UserServiceSecure.java:[3,56] cannot access com.backend.gns.user.infrastructure.repositories.UserRepository
  bad source file: /home/jude/Documents/code/gns/src/main/java/com/backend/gns/user/infrastructure/repositories/UserRepository.java
    file does not contain class com.backend.gns.user.infrastructure.repositories.UserRepository
    Please remove or make sure it appears in the correct subdirectory of the sourcepath.
[ERROR] /home/jude/Documents/code/gns/src/main/java/com/backend/gns/user/infrastructure/repositories/UserRepository.java:[11,8] duplicate class: com.backend.gns.admin.infrastructure.repositories.UserRepository
[ERROR] /home/jude/Documents/code/gns/src/main/java/com/backend/gns/core/security/userDetailsConf/UserServiceSecure.java:[12,17] cannot find symbol
  symbol:   class UserRepository
  location: class com.backend.gns.core.security.userDetailsConf.UserServiceSecure
[ERROR] /home/jude/Documents/code/gns/src/main/java/com/backend/gns/core/security/userDetailsConf/UserServiceSecure.java:[14,28] cannot find symbol
  symbol:   class UserRepository
  location: class com.backend.gns.core.security.userDetailsConf.UserServiceSecure
[ERROR] /home/jude/Documents/code/gns/src/main/java/com/backend/gns/user/domain/services/UserServiceImpl.java:[24,19] cannot find symbol
  symbol:   class UserRepository
  location: class com.backend.gns.user.domain.services.UserServiceImpl
[ERROR] /home/jude/Documents/code/gns/src/main/java/com/backend/gns/admin/application/mappers/AdminMapper.java:[19,10] cannot find symbol
  symbol:   method setTrackingId(java.util.UUID)
  location: variable admin of type com.backend.gns.admin.domain.models.Admin
[ERROR] /home/jude/Documents/code/gns/src/main/java/com/backend/gns/admin/application/mappers/AdminMapper.java:[20,10] cannot find symbol
  symbol:   method setEmail(java.lang.String)
  location: variable admin of type com.backend.gns.admin.domain.models.Admin
[ERROR] /home/jude/Documents/code/gns/src/main/java/com/backend/gns/admin/application/mappers/AdminMapper.java:[21,10] cannot find symbol
  symbol:   method setPassword(java.lang.String)
  location: variable admin of type com.backend.gns.admin.domain.models.Admin
[ERROR] /home/jude/Documents/code/gns/src/main/java/com/backend/gns/admin/application/mappers/AdminMapper.java:[22,10] cannot find symbol
  symbol:   method setNom(java.lang.String)
  location: variable admin of type com.backend.gns.admin.domain.models.Admin
[ERROR] /home/jude/Documents/code/gns/src/main/java/com/backend/gns/admin/application/mappers/AdminMapper.java:[23,10] cannot find symbol
  symbol:   method setPrenom(java.lang.String)
  location: variable admin of type com.backend.gns.admin.domain.models.Admin
[ERROR] /home/jude/Documents/code/gns/src/main/java/com/backend/gns/admin/application/mappers/AdminMapper.java:[24,10] cannot find symbol
  symbol:   method setRole(com.backend.gns.user.domain.enums.UserRole)
  location: variable admin of type com.backend.gns.admin.domain.models.Admin
[ERROR] /home/jude/Documents/code/gns/src/main/java/com/backend/gns/admin/application/mappers/AdminMapper.java:[25,10] cannot find symbol
  symbol:   method setEstActif(boolean)
  location: variable admin of type com.backend.gns.admin.domain.models.Admin
[ERROR] /home/jude/Documents/code/gns/src/main/java/com/backend/gns/admin/application/mappers/AdminMapper.java:[26,10] cannot find symbol
  symbol:   method setTelephone(java.lang.String)
  location: variable admin of type com.backend.gns.admin.domain.models.Admin
[ERROR] /home/jude/Documents/code/gns/src/main/java/com/backend/gns/admin/application/mappers/AdminMapper.java:[27,10] cannot find symbol
  symbol:   method setDateNaissance(java.time.LocalDateTime)
  location: variable admin of type com.backend.gns.admin.domain.models.Admin
[ERROR] /home/jude/Documents/code/gns/src/main/java/com/backend/gns/admin/application/mappers/AdminMapper.java:[28,10] cannot find symbol
  symbol:   method setNumeroCompte(java.lang.String)
  location: variable admin of type com.backend.gns.admin.domain.models.Admin
[ERROR] /home/jude/Documents/code/gns/src/main/java/com/backend/gns/admin/application/mappers/AdminMapper.java:[38,25] cannot find symbol
  symbol:   method builder()
  location: class com.backend.gns.admin.application.dtos.responses.AdminResponse
[ERROR] /home/jude/Documents/code/gns/src/main/java/com/backend/gns/admin/application/mappers/AdminMapper.java:[39,26] cannot find symbol
  symbol:   method getTrackingId()
  location: variable admin of type com.backend.gns.admin.domain.models.Admin
[ERROR] /home/jude/Documents/code/gns/src/main/java/com/backend/gns/admin/application/mappers/AdminMapper.java:[40,21] cannot find symbol
  symbol:   method getEmail()
  location: variable admin of type com.backend.gns.admin.domain.models.Admin
[ERROR] /home/jude/Documents/code/gns/src/main/java/com/backend/gns/admin/application/mappers/AdminMapper.java:[41,19] cannot find symbol
  symbol:   method getNom()
  location: variable admin of type com.backend.gns.admin.domain.models.Admin
[ERROR] /home/jude/Documents/code/gns/src/main/java/com/backend/gns/admin/application/mappers/AdminMapper.java:[42,22] cannot find symbol
  symbol:   method getPrenom()
  location: variable admin of type com.backend.gns.admin.domain.models.Admin
[ERROR] /home/jude/Documents/code/gns/src/main/java/com/backend/gns/admin/application/mappers/AdminMapper.java:[43,24] cannot find symbol
  symbol:   method isEstActif()
  location: variable admin of type com.backend.gns.admin.domain.models.Admin
[ERROR] /home/jude/Documents/code/gns/src/main/java/com/backend/gns/admin/application/mappers/AdminMapper.java:[44,25] cannot find symbol
  symbol:   method getTelephone()
  location: variable admin of type com.backend.gns.admin.domain.models.Admin
[ERROR] /home/jude/Documents/code/gns/src/main/java/com/backend/gns/admin/application/mappers/AdminMapper.java:[45,29] cannot find symbol
  symbol:   method getDateNaissance()
  location: variable admin of type com.backend.gns.admin.domain.models.Admin
[ERROR] /home/jude/Documents/code/gns/src/main/java/com/backend/gns/admin/application/mappers/AdminMapper.java:[46,28] cannot find symbol
  symbol:   method getNumeroCompte()
  location: variable admin of type com.backend.gns.admin.domain.models.Admin
[ERROR] /home/jude/Documents/code/gns/src/main/java/com/backend/gns/admin/application/mappers/AdminMapper.java:[56,10] cannot find symbol
  symbol:   method setTrackingId(java.util.UUID)
  location: variable admin of type com.backend.gns.admin.domain.models.Admin
[ERROR] /home/jude/Documents/code/gns/src/main/java/com/backend/gns/admin/application/mappers/AdminMapper.java:[57,10] cannot find symbol
  symbol:   method setEmail(java.lang.String)
  location: variable admin of type com.backend.gns.admin.domain.models.Admin
[ERROR] /home/jude/Documents/code/gns/src/main/java/com/backend/gns/admin/application/mappers/AdminMapper.java:[58,10] cannot find symbol
  symbol:   method setNom(java.lang.String)
  location: variable admin of type com.backend.gns.admin.domain.models.Admin
[ERROR] /home/jude/Documents/code/gns/src/main/java/com/backend/gns/admin/application/mappers/AdminMapper.java:[59,10] cannot find symbol
  symbol:   method setPrenom(java.lang.String)
  location: variable admin of type com.backend.gns.admin.domain.models.Admin
[ERROR] /home/jude/Documents/code/gns/src/main/java/com/backend/gns/admin/application/mappers/AdminMapper.java:[60,10] cannot find symbol
  symbol:   method setRole(com.backend.gns.user.domain.enums.UserRole)
  location: variable admin of type com.backend.gns.admin.domain.models.Admin
[ERROR] /home/jude/Documents/code/gns/src/main/java/com/backend/gns/admin/application/mappers/AdminMapper.java:[61,10] cannot find symbol
  symbol:   method setEstActif(java.lang.Boolean)
  location: variable admin of type com.backend.gns.admin.domain.models.Admin
[ERROR] /home/jude/Documents/code/gns/src/main/java/com/backend/gns/admin/application/mappers/AdminMapper.java:[62,10] cannot find symbol
  symbol:   method setTelephone(java.lang.String)
  location: variable admin of type com.backend.gns.admin.domain.models.Admin
[ERROR] /home/jude/Documents/code/gns/src/main/java/com/backend/gns/admin/application/mappers/AdminMapper.java:[63,10] cannot find symbol
  symbol:   method setDateNaissance(java.time.LocalDateTime)
  location: variable admin of type com.backend.gns.admin.domain.models.Admin
[ERROR] /home/jude/Documents/code/gns/src/main/java/com/backend/gns/admin/application/mappers/AdminMapper.java:[64,10] cannot find symbol
  symbol:   method setNumeroCompte(java.lang.String)
  location: variable admin of type com.backend.gns.admin.domain.models.Admin
[ERROR] /home/jude/Documents/code/gns/src/main/java/com/backend/gns/admin/application/mappers/BankOperatorMapper.java:[26,21] cannot find symbol
  symbol:   method setTrackingId(java.util.UUID)
  location: variable bankOperator of type com.backend.gns.admin.domain.models.BankOperator
[ERROR] /home/jude/Documents/code/gns/src/main/java/com/backend/gns/admin/application/mappers/BankOperatorMapper.java:[27,21] cannot find symbol
  symbol:   method setEmail(java.lang.String)
  location: variable bankOperator of type com.backend.gns.admin.domain.models.BankOperator
[ERROR] /home/jude/Documents/code/gns/src/main/java/com/backend/gns/admin/application/mappers/BankOperatorMapper.java:[28,21] cannot find symbol
  symbol:   method setPassword(java.lang.String)
  location: variable bankOperator of type com.backend.gns.admin.domain.models.BankOperator
[ERROR] /home/jude/Documents/code/gns/src/main/java/com/backend/gns/admin/application/mappers/BankOperatorMapper.java:[29,21] cannot find symbol
  symbol:   method setNom(java.lang.String)
  location: variable bankOperator of type com.backend.gns.admin.domain.models.BankOperator
[ERROR] /home/jude/Documents/code/gns/src/main/java/com/backend/gns/admin/application/mappers/BankOperatorMapper.java:[30,21] cannot find symbol
  symbol:   method setPrenom(java.lang.String)
  location: variable bankOperator of type com.backend.gns.admin.domain.models.BankOperator
[ERROR] /home/jude/Documents/code/gns/src/main/java/com/backend/gns/admin/application/mappers/BankOperatorMapper.java:[31,21] cannot find symbol
  symbol:   method setRole(com.backend.gns.user.domain.enums.UserRole)
  location: variable bankOperator of type com.backend.gns.admin.domain.models.BankOperator
[ERROR] /home/jude/Documents/code/gns/src/main/java/com/backend/gns/admin/application/mappers/BankOperatorMapper.java:[32,21] cannot find symbol
  symbol:   method setEstActif(java.lang.Boolean)
  location: variable bankOperator of type com.backend.gns.admin.domain.models.BankOperator
[ERROR] /home/jude/Documents/code/gns/src/main/java/com/backend/gns/admin/application/mappers/BankOperatorMapper.java:[33,21] cannot find symbol
  symbol:   method setTelephone(java.lang.String)
  location: variable bankOperator of type com.backend.gns.admin.domain.models.BankOperator
[ERROR] /home/jude/Documents/code/gns/src/main/java/com/backend/gns/admin/application/mappers/BankOperatorMapper.java:[39,25] cannot find symbol
  symbol:   method setWallet(com.backend.gns.wallet.domain.models.Wallet)
  location: variable bankOperator of type com.backend.gns.admin.domain.models.BankOperator
[ERROR] /home/jude/Documents/code/gns/src/main/java/com/backend/gns/admin/application/mappers/BankOperatorMapper.java:[50,36] cannot find symbol
  symbol:   method builder()
  location: class com.backend.gns.admin.application.dtos.responses.BankOperatorResponse
[ERROR] /home/jude/Documents/code/gns/src/main/java/com/backend/gns/admin/application/mappers/BankOperatorMapper.java:[51,41] cannot find symbol
  symbol:   method getTrackingId()
  location: variable bankOperator of type com.backend.gns.admin.domain.models.BankOperator
[ERROR] /home/jude/Documents/code/gns/src/main/java/com/backend/gns/admin/application/mappers/BankOperatorMapper.java:[52,36] cannot find symbol
  symbol:   method getEmail()
  location: variable bankOperator of type com.backend.gns.admin.domain.models.BankOperator
[ERROR] /home/jude/Documents/code/gns/src/main/java/com/backend/gns/admin/application/mappers/BankOperatorMapper.java:[53,34] cannot find symbol
  symbol:   method getNom()
  location: variable bankOperator of type com.backend.gns.admin.domain.models.BankOperator
[ERROR] /home/jude/Documents/code/gns/src/main/java/com/backend/gns/admin/application/mappers/BankOperatorMapper.java:[54,37] cannot find symbol
  symbol:   method getPrenom()
  location: variable bankOperator of type com.backend.gns.admin.domain.models.BankOperator
[ERROR] /home/jude/Documents/code/gns/src/main/java/com/backend/gns/admin/application/mappers/BankOperatorMapper.java:[55,39] cannot find symbol
  symbol:   method isEstActif()
  location: variable bankOperator of type com.backend.gns.admin.domain.models.BankOperator
[ERROR] /home/jude/Documents/code/gns/src/main/java/com/backend/gns/admin/application/mappers/BankOperatorMapper.java:[56,40] cannot find symbol
  symbol:   method getTelephone()
  location: variable bankOperator of type com.backend.gns.admin.domain.models.BankOperator
[ERROR] /home/jude/Documents/code/gns/src/main/java/com/backend/gns/admin/application/mappers/BankOperatorMapper.java:[57,47] cannot find symbol
  symbol:   method getWallet()
  location: variable bankOperator of type com.backend.gns.admin.domain.models.BankOperator
[ERROR] /home/jude/Documents/code/gns/src/main/java/com/backend/gns/admin/application/mappers/BankOperatorMapper.java:[57,82] cannot find symbol
  symbol:   method getWallet()
  location: variable bankOperator of type com.backend.gns.admin.domain.models.BankOperator
[ERROR] /home/jude/Documents/code/gns/src/main/java/com/backend/gns/admin/domain/services/impl/AdminServiceImpl.java:[47,11] cannot find symbol
  symbol:   variable log
  location: class com.backend.gns.admin.domain.services.impl.AdminServiceImpl
[ERROR] /home/jude/Documents/code/gns/src/main/java/com/backend/gns/admin/domain/services/impl/AdminServiceImpl.java:[55,5] cannot find symbol
  symbol:   variable log
  location: class com.backend.gns.admin.domain.services.impl.AdminServiceImpl
[ERROR] /home/jude/Documents/code/gns/src/main/java/com/backend/gns/admin/domain/services/impl/AdminServiceImpl.java:[60,11] cannot find symbol
  symbol:   method setTrackingId(java.util.UUID)
  location: variable wallet of type com.backend.gns.wallet.domain.models.Wallet
[ERROR] /home/jude/Documents/code/gns/src/main/java/com/backend/gns/admin/domain/services/impl/AdminServiceImpl.java:[61,11] cannot find symbol
  symbol:   method setTypeWallet(com.backend.gns.wallet.domain.enums.WalletType)
  location: variable wallet of type com.backend.gns.wallet.domain.models.Wallet
[ERROR] /home/jude/Documents/code/gns/src/main/java/com/backend/gns/admin/domain/services/impl/AdminServiceImpl.java:[62,11] cannot find symbol
  symbol:   method setStatutWallet(com.backend.gns.wallet.domain.enums.WalletStatus)
  location: variable wallet of type com.backend.gns.wallet.domain.models.Wallet
[ERROR] /home/jude/Documents/code/gns/src/main/java/com/backend/gns/admin/domain/services/impl/AdminServiceImpl.java:[63,11] cannot find symbol
  symbol:   method setSolde(java.math.BigDecimal)
  location: variable wallet of type com.backend.gns.wallet.domain.models.Wallet
[ERROR] /home/jude/Documents/code/gns/src/main/java/com/backend/gns/admin/domain/services/impl/AdminServiceImpl.java:[66,11] cannot find symbol
  symbol:   method setPlafond(java.math.BigDecimal)
  location: variable wallet of type com.backend.gns.wallet.domain.models.Wallet
[ERROR] /home/jude/Documents/code/gns/src/main/java/com/backend/gns/admin/domain/services/impl/AdminServiceImpl.java:[67,11] cannot find symbol
  symbol:   method setDateCreation(java.time.LocalDateTime)
  location: variable wallet of type com.backend.gns.wallet.domain.models.Wallet
[ERROR] /home/jude/Documents/code/gns/src/main/java/com/backend/gns/admin/domain/services/impl/AdminServiceImpl.java:[69,10] cannot find symbol
  symbol:   method setWallet(com.backend.gns.wallet.domain.models.Wallet)
  location: variable admin of type com.backend.gns.admin.domain.models.Admin
[ERROR] /home/jude/Documents/code/gns/src/main/java/com/backend/gns/admin/domain/services/impl/AdminServiceImpl.java:[72,5] cannot find symbol
  symbol:   variable log
  location: class com.backend.gns.admin.domain.services.impl.AdminServiceImpl
[ERROR] /home/jude/Documents/code/gns/src/main/java/com/backend/gns/admin/domain/services/impl/AdminServiceImpl.java:[72,82] cannot find symbol
  symbol:   method getTrackingId()
  location: variable savedAdmin of type com.backend.gns.admin.domain.models.Admin
[ERROR] /home/jude/Documents/code/gns/src/main/java/com/backend/gns/admin/domain/services/impl/AdminServiceImpl.java:[79,5] cannot find symbol
  symbol:   variable log
  location: class com.backend.gns.admin.domain.services.impl.AdminServiceImpl
[ERROR] /home/jude/Documents/code/gns/src/main/java/com/backend/gns/admin/domain/services/impl/AdminServiceImpl.java:[86,5] cannot find symbol
  symbol:   variable log
  location: class com.backend.gns.admin.domain.services.impl.AdminServiceImpl
[ERROR] /home/jude/Documents/code/gns/src/main/java/com/backend/gns/admin/domain/services/impl/AdminServiceImpl.java:[89,10] cannot find symbol
  symbol:   method setEmail(java.lang.String)
  location: variable admin of type com.backend.gns.admin.domain.models.Admin
[ERROR] /home/jude/Documents/code/gns/src/main/java/com/backend/gns/admin/domain/services/impl/AdminServiceImpl.java:[90,10] cannot find symbol
  symbol:   method setNom(java.lang.String)
  location: variable admin of type com.backend.gns.admin.domain.models.Admin
[ERROR] /home/jude/Documents/code/gns/src/main/java/com/backend/gns/admin/domain/services/impl/AdminServiceImpl.java:[91,10] cannot find symbol
  symbol:   method setPrenom(java.lang.String)
  location: variable admin of type com.backend.gns.admin.domain.models.Admin
[ERROR] /home/jude/Documents/code/gns/src/main/java/com/backend/gns/admin/domain/services/impl/AdminServiceImpl.java:[92,10] cannot find symbol
  symbol:   method setTelephone(java.lang.String)
  location: variable admin of type com.backend.gns.admin.domain.models.Admin
[ERROR] /home/jude/Documents/code/gns/src/main/java/com/backend/gns/admin/domain/services/impl/AdminServiceImpl.java:[93,10] cannot find symbol
  symbol:   method setDateNaissance(java.time.LocalDateTime)
  location: variable admin of type com.backend.gns.admin.domain.models.Admin
[ERROR] /home/jude/Documents/code/gns/src/main/java/com/backend/gns/admin/domain/services/impl/AdminServiceImpl.java:[94,10] cannot find symbol
  symbol:   method setNumeroCompte(java.lang.String)
  location: variable admin of type com.backend.gns.admin.domain.models.Admin
[ERROR] /home/jude/Documents/code/gns/src/main/java/com/backend/gns/admin/domain/services/impl/AdminServiceImpl.java:[97,5] cannot find symbol
  symbol:   variable log
  location: class com.backend.gns.admin.domain.services.impl.AdminServiceImpl
[ERROR] /home/jude/Documents/code/gns/src/main/java/com/backend/gns/admin/domain/services/impl/AdminServiceImpl.java:[104,5] cannot find symbol
  symbol:   variable log
  location: class com.backend.gns.admin.domain.services.impl.AdminServiceImpl
[ERROR] /home/jude/Documents/code/gns/src/main/java/com/backend/gns/admin/domain/services/impl/AdminServiceImpl.java:[107,5] cannot find symbol
  symbol:   variable log
  location: class com.backend.gns.admin.domain.services.impl.AdminServiceImpl
[ERROR] /home/jude/Documents/code/gns/src/main/java/com/backend/gns/admin/domain/services/impl/AdminServiceImpl.java:[113,5] cannot find symbol
  symbol:   variable log
  location: class com.backend.gns.admin.domain.services.impl.AdminServiceImpl
[ERROR] /home/jude/Documents/code/gns/src/main/java/com/backend/gns/admin/domain/services/impl/BankOperatorServiceImpl.java:[51,11] cannot find symbol
  symbol:   variable log
  location: class com.backend.gns.admin.domain.services.impl.BankOperatorServiceImpl
[ERROR] /home/jude/Documents/code/gns/src/main/java/com/backend/gns/admin/domain/services/impl/BankOperatorServiceImpl.java:[60,5] cannot find symbol
  symbol:   variable log
  location: class com.backend.gns.admin.domain.services.impl.BankOperatorServiceImpl
[ERROR] /home/jude/Documents/code/gns/src/main/java/com/backend/gns/admin/domain/services/impl/BankOperatorServiceImpl.java:[66,11] cannot find symbol
  symbol:   method setTrackingId(java.util.UUID)
  location: variable wallet of type com.backend.gns.wallet.domain.models.Wallet
[ERROR] /home/jude/Documents/code/gns/src/main/java/com/backend/gns/admin/domain/services/impl/BankOperatorServiceImpl.java:[67,11] cannot find symbol
  symbol:   method setTypeWallet(com.backend.gns.wallet.domain.enums.WalletType)
  location: variable wallet of type com.backend.gns.wallet.domain.models.Wallet
[ERROR] /home/jude/Documents/code/gns/src/main/java/com/backend/gns/admin/domain/services/impl/BankOperatorServiceImpl.java:[68,11] cannot find symbol
  symbol:   method setStatutWallet(com.backend.gns.wallet.domain.enums.WalletStatus)
  location: variable wallet of type com.backend.gns.wallet.domain.models.Wallet
[ERROR] /home/jude/Documents/code/gns/src/main/java/com/backend/gns/admin/domain/services/impl/BankOperatorServiceImpl.java:[69,11] cannot find symbol
  symbol:   method setSolde(java.math.BigDecimal)
  location: variable wallet of type com.backend.gns.wallet.domain.models.Wallet
[ERROR] /home/jude/Documents/code/gns/src/main/java/com/backend/gns/admin/domain/services/impl/BankOperatorServiceImpl.java:[72,11] cannot find symbol
  symbol:   method setPlafond(java.math.BigDecimal)
  location: variable wallet of type com.backend.gns.wallet.domain.models.Wallet
[ERROR] /home/jude/Documents/code/gns/src/main/java/com/backend/gns/admin/domain/services/impl/BankOperatorServiceImpl.java:[73,11] cannot find symbol
  symbol:   method setDateCreation(java.time.LocalDateTime)
  location: variable wallet of type com.backend.gns.wallet.domain.models.Wallet
[ERROR] /home/jude/Documents/code/gns/src/main/java/com/backend/gns/admin/domain/services/impl/BankOperatorServiceImpl.java:[75,17] cannot find symbol
  symbol:   method setWallet(com.backend.gns.wallet.domain.models.Wallet)
  location: variable bankOperator of type com.backend.gns.admin.domain.models.BankOperator
[ERROR] /home/jude/Documents/code/gns/src/main/java/com/backend/gns/admin/domain/services/impl/BankOperatorServiceImpl.java:[79,5] cannot find symbol
  symbol:   variable log
  location: class com.backend.gns.admin.domain.services.impl.BankOperatorServiceImpl
[ERROR] /home/jude/Documents/code/gns/src/main/java/com/backend/gns/admin/domain/services/impl/BankOperatorServiceImpl.java:[79,102] cannot find symbol
  symbol:   method getTrackingId()
  location: variable savedBankOperator of type com.backend.gns.admin.domain.models.BankOperator
[ERROR] /home/jude/Documents/code/gns/src/main/java/com/backend/gns/admin/domain/services/impl/BankOperatorServiceImpl.java:[86,5] cannot find symbol
  symbol:   variable log
  location: class com.backend.gns.admin.domain.services.impl.BankOperatorServiceImpl
[ERROR] /home/jude/Documents/code/gns/src/main/java/com/backend/gns/admin/domain/services/impl/BankOperatorServiceImpl.java:[93,5] cannot find symbol
  symbol:   variable log
  location: class com.backend.gns.admin.domain.services.impl.BankOperatorServiceImpl
[ERROR] /home/jude/Documents/code/gns/src/main/java/com/backend/gns/admin/domain/services/impl/BankOperatorServiceImpl.java:[97,17] cannot find symbol
  symbol:   method setEmail(java.lang.String)
  location: variable bankOperator of type com.backend.gns.admin.domain.models.BankOperator
[ERROR] /home/jude/Documents/code/gns/src/main/java/com/backend/gns/admin/domain/services/impl/BankOperatorServiceImpl.java:[98,17] cannot find symbol
  symbol:   method setNom(java.lang.String)
  location: variable bankOperator of type com.backend.gns.admin.domain.models.BankOperator
[ERROR] /home/jude/Documents/code/gns/src/main/java/com/backend/gns/admin/domain/services/impl/BankOperatorServiceImpl.java:[99,17] cannot find symbol
  symbol:   method setPrenom(java.lang.String)
  location: variable bankOperator of type com.backend.gns.admin.domain.models.BankOperator
[ERROR] /home/jude/Documents/code/gns/src/main/java/com/backend/gns/admin/domain/services/impl/BankOperatorServiceImpl.java:[100,17] cannot find symbol
  symbol:   method setTelephone(java.lang.String)
  location: variable bankOperator of type com.backend.gns.admin.domain.models.BankOperator
[ERROR] /home/jude/Documents/code/gns/src/main/java/com/backend/gns/admin/domain/services/impl/BankOperatorServiceImpl.java:[103,5] cannot find symbol
  symbol:   variable log
  location: class com.backend.gns.admin.domain.services.impl.BankOperatorServiceImpl
[ERROR] /home/jude/Documents/code/gns/src/main/java/com/backend/gns/admin/domain/services/impl/BankOperatorServiceImpl.java:[110,5] cannot find symbol
  symbol:   variable log
  location: class com.backend.gns.admin.domain.services.impl.BankOperatorServiceImpl
[ERROR] /home/jude/Documents/code/gns/src/main/java/com/backend/gns/admin/domain/services/impl/BankOperatorServiceImpl.java:[113,5] cannot find symbol
  symbol:   variable log
  location: class com.backend.gns.admin.domain.services.impl.BankOperatorServiceImpl
[ERROR] /home/jude/Documents/code/gns/src/main/java/com/backend/gns/admin/domain/services/impl/BankOperatorServiceImpl.java:[119,5] cannot find symbol
  symbol:   variable log
  location: class com.backend.gns.admin.domain.services.impl.BankOperatorServiceImpl
[ERROR] /home/jude/Documents/code/gns/src/main/java/com/backend/gns/admin/domain/services/impl/DashboardServiceImpl.java:[82,18] cannot find symbol
  symbol:   method getDateVersement()
  location: variable v of type com.backend.gns.wallet.domain.models.Versement
[ERROR] /home/jude/Documents/code/gns/src/main/java/com/backend/gns/admin/domain/services/impl/DashboardServiceImpl.java:[82,50] cannot find symbol
  symbol:   method getMontantVerse()
  location: variable v of type com.backend.gns.wallet.domain.models.Versement
[ERROR] /home/jude/Documents/code/gns/src/main/java/com/backend/gns/admin/domain/services/impl/DashboardServiceImpl.java:[83,30] cannot find symbol
  symbol:   method getDateVersement()
  location: variable v of type com.backend.gns.wallet.domain.models.Versement
[ERROR] /home/jude/Documents/code/gns/src/main/java/com/backend/gns/admin/domain/services/impl/DashboardServiceImpl.java:[84,68] cannot find symbol
  symbol:   method getMontantVerse()
  location: variable v of type com.backend.gns.wallet.domain.models.Versement
[ERROR] /home/jude/Documents/code/gns/src/main/java/com/backend/gns/admin/domain/services/impl/DashboardServiceImpl.java:[89,18] cannot find symbol
  symbol:   method getDate()
  location: variable p of type com.backend.gns.paiement.domain.models.Paiement
[INFO] 100 errors 
[INFO] -------------------------------------------------------------
[INFO] ------------------------------------------------------------------------
[INFO] BUILD FAILURE
[INFO] ------------------------------------------------------------------------
[INFO] Total time:  9.789 s
[INFO] Finished at: 2026-05-30T20:01:04Z
[INFO] ------------------------------------------------------------------------
[ERROR] Failed to execute goal org.apache.maven.plugins:maven-compiler-plugin:3.13.0:compile (default-compile) on project gns: Compilation failure: Compilation failure: 
[ERROR] /home/jude/Documents/code/gns/src/main/java/com/backend/gns/core/security/userDetailsConf/UserServiceSecure.java:[3,56] cannot access com.backend.gns.user.infrastructure.repositories.UserRepository
[ERROR]   bad source file: /home/jude/Documents/code/gns/src/main/java/com/backend/gns/user/infrastructure/repositories/UserRepository.java
[ERROR]     file does not contain class com.backend.gns.user.infrastructure.repositories.UserRepository
[ERROR]     Please remove or make sure it appears in the correct subdirectory of the sourcepath.
[ERROR] /home/jude/Documents/code/gns/src/main/java/com/backend/gns/user/infrastructure/repositories/UserRepository.java:[11,8] duplicate class: com.backend.gns.admin.infrastructure.repositories.UserRepository
[ERROR] /home/jude/Documents/code/gns/src/main/java/com/backend/gns/core/security/userDetailsConf/UserServiceSecure.java:[12,17] cannot find symbol
[ERROR]   symbol:   class UserRepository
[ERROR]   location: class com.backend.gns.core.security.userDetailsConf.UserServiceSecure
[ERROR] /home/jude/Documents/code/gns/src/main/java/com/backend/gns/core/security/userDetailsConf/UserServiceSecure.java:[14,28] cannot find symbol
[ERROR]   symbol:   class UserRepository
[ERROR]   location: class com.backend.gns.core.security.userDetailsConf.UserServiceSecure
[ERROR] /home/jude/Documents/code/gns/src/main/java/com/backend/gns/user/domain/services/UserServiceImpl.java:[24,19] cannot find symbol
[ERROR]   symbol:   class UserRepository
[ERROR]   location: class com.backend.gns.user.domain.services.UserServiceImpl
[ERROR] /home/jude/Documents/code/gns/src/main/java/com/backend/gns/admin/application/mappers/AdminMapper.java:[19,10] cannot find symbol
[ERROR]   symbol:   method setTrackingId(java.util.UUID)
[ERROR]   location: variable admin of type com.backend.gns.admin.domain.models.Admin
[ERROR] /home/jude/Documents/code/gns/src/main/java/com/backend/gns/admin/application/mappers/AdminMapper.java:[20,10] cannot find symbol
[ERROR]   symbol:   method setEmail(java.lang.String)
[ERROR]   location: variable admin of type com.backend.gns.admin.domain.models.Admin
[ERROR] /home/jude/Documents/code/gns/src/main/java/com/backend/gns/admin/application/mappers/AdminMapper.java:[21,10] cannot find symbol
[ERROR]   symbol:   method setPassword(java.lang.String)
[ERROR]   location: variable admin of type com.backend.gns.admin.domain.models.Admin
[ERROR] /home/jude/Documents/code/gns/src/main/java/com/backend/gns/admin/application/mappers/AdminMapper.java:[22,10] cannot find symbol
[ERROR]   symbol:   method setNom(java.lang.String)
[ERROR]   location: variable admin of type com.backend.gns.admin.domain.models.Admin
[ERROR] /home/jude/Documents/code/gns/src/main/java/com/backend/gns/admin/application/mappers/AdminMapper.java:[23,10] cannot find symbol
[ERROR]   symbol:   method setPrenom(java.lang.String)
[ERROR]   location: variable admin of type com.backend.gns.admin.domain.models.Admin
[ERROR] /home/jude/Documents/code/gns/src/main/java/com/backend/gns/admin/application/mappers/AdminMapper.java:[24,10] cannot find symbol
[ERROR]   symbol:   method setRole(com.backend.gns.user.domain.enums.UserRole)
[ERROR]   location: variable admin of type com.backend.gns.admin.domain.models.Admin
[ERROR] /home/jude/Documents/code/gns/src/main/java/com/backend/gns/admin/application/mappers/AdminMapper.java:[25,10] cannot find symbol
[ERROR]   symbol:   method setEstActif(boolean)
[ERROR]   location: variable admin of type com.backend.gns.admin.domain.models.Admin
[ERROR] /home/jude/Documents/code/gns/src/main/java/com/backend/gns/admin/application/mappers/AdminMapper.java:[26,10] cannot find symbol
[ERROR]   symbol:   method setTelephone(java.lang.String)
[ERROR]   location: variable admin of type com.backend.gns.admin.domain.models.Admin
[ERROR] /home/jude/Documents/code/gns/src/main/java/com/backend/gns/admin/application/mappers/AdminMapper.java:[27,10] cannot find symbol
[ERROR]   symbol:   method setDateNaissance(java.time.LocalDateTime)
[ERROR]   location: variable admin of type com.backend.gns.admin.domain.models.Admin
[ERROR] /home/jude/Documents/code/gns/src/main/java/com/backend/gns/admin/application/mappers/AdminMapper.java:[28,10] cannot find symbol
[ERROR]   symbol:   method setNumeroCompte(java.lang.String)
[ERROR]   location: variable admin of type com.backend.gns.admin.domain.models.Admin
[ERROR] /home/jude/Documents/code/gns/src/main/java/com/backend/gns/admin/application/mappers/AdminMapper.java:[38,25] cannot find symbol
[ERROR]   symbol:   method builder()
[ERROR]   location: class com.backend.gns.admin.application.dtos.responses.AdminResponse
[ERROR] /home/jude/Documents/code/gns/src/main/java/com/backend/gns/admin/application/mappers/AdminMapper.java:[39,26] cannot find symbol
[ERROR]   symbol:   method getTrackingId()
[ERROR]   location: variable admin of type com.backend.gns.admin.domain.models.Admin
[ERROR] /home/jude/Documents/code/gns/src/main/java/com/backend/gns/admin/application/mappers/AdminMapper.java:[40,21] cannot find symbol
[ERROR]   symbol:   method getEmail()
[ERROR]   location: variable admin of type com.backend.gns.admin.domain.models.Admin
[ERROR] /home/jude/Documents/code/gns/src/main/java/com/backend/gns/admin/application/mappers/AdminMapper.java:[41,19] cannot find symbol
[ERROR]   symbol:   method getNom()
[ERROR]   location: variable admin of type com.backend.gns.admin.domain.models.Admin
[ERROR] /home/jude/Documents/code/gns/src/main/java/com/backend/gns/admin/application/mappers/AdminMapper.java:[42,22] cannot find symbol
[ERROR]   symbol:   method getPrenom()
[ERROR]   location: variable admin of type com.backend.gns.admin.domain.models.Admin
[ERROR] /home/jude/Documents/code/gns/src/main/java/com/backend/gns/admin/application/mappers/AdminMapper.java:[43,24] cannot find symbol
[ERROR]   symbol:   method isEstActif()
[ERROR]   location: variable admin of type com.backend.gns.admin.domain.models.Admin
[ERROR] /home/jude/Documents/code/gns/src/main/java/com/backend/gns/admin/application/mappers/AdminMapper.java:[44,25] cannot find symbol
[ERROR]   symbol:   method getTelephone()
[ERROR]   location: variable admin of type com.backend.gns.admin.domain.models.Admin
[ERROR] /home/jude/Documents/code/gns/src/main/java/com/backend/gns/admin/application/mappers/AdminMapper.java:[45,29] cannot find symbol
[ERROR]   symbol:   method getDateNaissance()
[ERROR]   location: variable admin of type com.backend.gns.admin.domain.models.Admin
[ERROR] /home/jude/Documents/code/gns/src/main/java/com/backend/gns/admin/application/mappers/AdminMapper.java:[46,28] cannot find symbol
[ERROR]   symbol:   method getNumeroCompte()
[ERROR]   location: variable admin of type com.backend.gns.admin.domain.models.Admin
[ERROR] /home/jude/Documents/code/gns/src/main/java/com/backend/gns/admin/application/mappers/AdminMapper.java:[56,10] cannot find symbol
[ERROR]   symbol:   method setTrackingId(java.util.UUID)
[ERROR]   location: variable admin of type com.backend.gns.admin.domain.models.Admin
[ERROR] /home/jude/Documents/code/gns/src/main/java/com/backend/gns/admin/application/mappers/AdminMapper.java:[57,10] cannot find symbol
[ERROR]   symbol:   method setEmail(java.lang.String)
[ERROR]   location: variable admin of type com.backend.gns.admin.domain.models.Admin
[ERROR] /home/jude/Documents/code/gns/src/main/java/com/backend/gns/admin/application/mappers/AdminMapper.java:[58,10] cannot find symbol
[ERROR]   symbol:   method setNom(java.lang.String)
[ERROR]   location: variable admin of type com.backend.gns.admin.domain.models.Admin
[ERROR] /home/jude/Documents/code/gns/src/main/java/com/backend/gns/admin/application/mappers/AdminMapper.java:[59,10] cannot find symbol
[ERROR]   symbol:   method setPrenom(java.lang.String)
[ERROR]   location: variable admin of type com.backend.gns.admin.domain.models.Admin
[ERROR] /home/jude/Documents/code/gns/src/main/java/com/backend/gns/admin/application/mappers/AdminMapper.java:[60,10] cannot find symbol
[ERROR]   symbol:   method setRole(com.backend.gns.user.domain.enums.UserRole)
[ERROR]   location: variable admin of type com.backend.gns.admin.domain.models.Admin
[ERROR] /home/jude/Documents/code/gns/src/main/java/com/backend/gns/admin/application/mappers/AdminMapper.java:[61,10] cannot find symbol
[ERROR]   symbol:   method setEstActif(java.lang.Boolean)
[ERROR]   location: variable admin of type com.backend.gns.admin.domain.models.Admin
[ERROR] /home/jude/Documents/code/gns/src/main/java/com/backend/gns/admin/application/mappers/AdminMapper.java:[62,10] cannot find symbol
[ERROR]   symbol:   method setTelephone(java.lang.String)
[ERROR]   location: variable admin of type com.backend.gns.admin.domain.models.Admin
[ERROR] /home/jude/Documents/code/gns/src/main/java/com/backend/gns/admin/application/mappers/AdminMapper.java:[63,10] cannot find symbol
[ERROR]   symbol:   method setDateNaissance(java.time.LocalDateTime)
[ERROR]   location: variable admin of type com.backend.gns.admin.domain.models.Admin
[ERROR] /home/jude/Documents/code/gns/src/main/java/com/backend/gns/admin/application/mappers/AdminMapper.java:[64,10] cannot find symbol
[ERROR]   symbol:   method setNumeroCompte(java.lang.String)
[ERROR]   location: variable admin of type com.backend.gns.admin.domain.models.Admin
[ERROR] /home/jude/Documents/code/gns/src/main/java/com/backend/gns/admin/application/mappers/BankOperatorMapper.java:[26,21] cannot find symbol
[ERROR]   symbol:   method setTrackingId(java.util.UUID)
[ERROR]   location: variable bankOperator of type com.backend.gns.admin.domain.models.BankOperator
[ERROR] /home/jude/Documents/code/gns/src/main/java/com/backend/gns/admin/application/mappers/BankOperatorMapper.java:[27,21] cannot find symbol
[ERROR]   symbol:   method setEmail(java.lang.String)
[ERROR]   location: variable bankOperator of type com.backend.gns.admin.domain.models.BankOperator
[ERROR] /home/jude/Documents/code/gns/src/main/java/com/backend/gns/admin/application/mappers/BankOperatorMapper.java:[28,21] cannot find symbol
[ERROR]   symbol:   method setPassword(java.lang.String)
[ERROR]   location: variable bankOperator of type com.backend.gns.admin.domain.models.BankOperator
[ERROR] /home/jude/Documents/code/gns/src/main/java/com/backend/gns/admin/application/mappers/BankOperatorMapper.java:[29,21] cannot find symbol
[ERROR]   symbol:   method setNom(java.lang.String)
[ERROR]   location: variable bankOperator of type com.backend.gns.admin.domain.models.BankOperator
[ERROR] /home/jude/Documents/code/gns/src/main/java/com/backend/gns/admin/application/mappers/BankOperatorMapper.java:[30,21] cannot find symbol
[ERROR]   symbol:   method setPrenom(java.lang.String)
[ERROR]   location: variable bankOperator of type com.backend.gns.admin.domain.models.BankOperator
[ERROR] /home/jude/Documents/code/gns/src/main/java/com/backend/gns/admin/application/mappers/BankOperatorMapper.java:[31,21] cannot find symbol
[ERROR]   symbol:   method setRole(com.backend.gns.user.domain.enums.UserRole)
[ERROR]   location: variable bankOperator of type com.backend.gns.admin.domain.models.BankOperator
[ERROR] /home/jude/Documents/code/gns/src/main/java/com/backend/gns/admin/application/mappers/BankOperatorMapper.java:[32,21] cannot find symbol
[ERROR]   symbol:   method setEstActif(java.lang.Boolean)
[ERROR]   location: variable bankOperator of type com.backend.gns.admin.domain.models.BankOperator
[ERROR] /home/jude/Documents/code/gns/src/main/java/com/backend/gns/admin/application/mappers/BankOperatorMapper.java:[33,21] cannot find symbol
[ERROR]   symbol:   method setTelephone(java.lang.String)
[ERROR]   location: variable bankOperator of type com.backend.gns.admin.domain.models.BankOperator
[ERROR] /home/jude/Documents/code/gns/src/main/java/com/backend/gns/admin/application/mappers/BankOperatorMapper.java:[39,25] cannot find symbol
[ERROR]   symbol:   method setWallet(com.backend.gns.wallet.domain.models.Wallet)
[ERROR]   location: variable bankOperator of type com.backend.gns.admin.domain.models.BankOperator
[ERROR] /home/jude/Documents/code/gns/src/main/java/com/backend/gns/admin/application/mappers/BankOperatorMapper.java:[50,36] cannot find symbol
[ERROR]   symbol:   method builder()
[ERROR]   location: class com.backend.gns.admin.application.dtos.responses.BankOperatorResponse
[ERROR] /home/jude/Documents/code/gns/src/main/java/com/backend/gns/admin/application/mappers/BankOperatorMapper.java:[51,41] cannot find symbol
[ERROR]   symbol:   method getTrackingId()
[ERROR]   location: variable bankOperator of type com.backend.gns.admin.domain.models.BankOperator
[ERROR] /home/jude/Documents/code/gns/src/main/java/com/backend/gns/admin/application/mappers/BankOperatorMapper.java:[52,36] cannot find symbol
[ERROR]   symbol:   method getEmail()
[ERROR]   location: variable bankOperator of type com.backend.gns.admin.domain.models.BankOperator
[ERROR] /home/jude/Documents/code/gns/src/main/java/com/backend/gns/admin/application/mappers/BankOperatorMapper.java:[53,34] cannot find symbol
[ERROR]   symbol:   method getNom()
[ERROR]   location: variable bankOperator of type com.backend.gns.admin.domain.models.BankOperator
[ERROR] /home/jude/Documents/code/gns/src/main/java/com/backend/gns/admin/application/mappers/BankOperatorMapper.java:[54,37] cannot find symbol
[ERROR]   symbol:   method getPrenom()
[ERROR]   location: variable bankOperator of type com.backend.gns.admin.domain.models.BankOperator
[ERROR] /home/jude/Documents/code/gns/src/main/java/com/backend/gns/admin/application/mappers/BankOperatorMapper.java:[55,39] cannot find symbol
[ERROR]   symbol:   method isEstActif()
[ERROR]   location: variable bankOperator of type com.backend.gns.admin.domain.models.BankOperator
[ERROR] /home/jude/Documents/code/gns/src/main/java/com/backend/gns/admin/application/mappers/BankOperatorMapper.java:[56,40] cannot find symbol
[ERROR]   symbol:   method getTelephone()
[ERROR]   location: variable bankOperator of type com.backend.gns.admin.domain.models.BankOperator
[ERROR] /home/jude/Documents/code/gns/src/main/java/com/backend/gns/admin/application/mappers/BankOperatorMapper.java:[57,47] cannot find symbol
[ERROR]   symbol:   method getWallet()
[ERROR]   location: variable bankOperator of type com.backend.gns.admin.domain.models.BankOperator
[ERROR] /home/jude/Documents/code/gns/src/main/java/com/backend/gns/admin/application/mappers/BankOperatorMapper.java:[57,82] cannot find symbol
[ERROR]   symbol:   method getWallet()
[ERROR]   location: variable bankOperator of type com.backend.gns.admin.domain.models.BankOperator
[ERROR] /home/jude/Documents/code/gns/src/main/java/com/backend/gns/admin/domain/services/impl/AdminServiceImpl.java:[47,11] cannot find symbol
[ERROR]   symbol:   variable log
[ERROR]   location: class com.backend.gns.admin.domain.services.impl.AdminServiceImpl
[ERROR] /home/jude/Documents/code/gns/src/main/java/com/backend/gns/admin/domain/services/impl/AdminServiceImpl.java:[55,5] cannot find symbol
[ERROR]   symbol:   variable log
[ERROR]   location: class com.backend.gns.admin.domain.services.impl.AdminServiceImpl
[ERROR] /home/jude/Documents/code/gns/src/main/java/com/backend/gns/admin/domain/services/impl/AdminServiceImpl.java:[60,11] cannot find symbol
[ERROR]   symbol:   method setTrackingId(java.util.UUID)
[ERROR]   location: variable wallet of type com.backend.gns.wallet.domain.models.Wallet
[ERROR] /home/jude/Documents/code/gns/src/main/java/com/backend/gns/admin/domain/services/impl/AdminServiceImpl.java:[61,11] cannot find symbol
[ERROR]   symbol:   method setTypeWallet(com.backend.gns.wallet.domain.enums.WalletType)
[ERROR]   location: variable wallet of type com.backend.gns.wallet.domain.models.Wallet
[ERROR] /home/jude/Documents/code/gns/src/main/java/com/backend/gns/admin/domain/services/impl/AdminServiceImpl.java:[62,11] cannot find symbol
[ERROR]   symbol:   method setStatutWallet(com.backend.gns.wallet.domain.enums.WalletStatus)
[ERROR]   location: variable wallet of type com.backend.gns.wallet.domain.models.Wallet
[ERROR] /home/jude/Documents/code/gns/src/main/java/com/backend/gns/admin/domain/services/impl/AdminServiceImpl.java:[63,11] cannot find symbol
[ERROR]   symbol:   method setSolde(java.math.BigDecimal)
[ERROR]   location: variable wallet of type com.backend.gns.wallet.domain.models.Wallet
[ERROR] /home/jude/Documents/code/gns/src/main/java/com/backend/gns/admin/domain/services/impl/AdminServiceImpl.java:[66,11] cannot find symbol
[ERROR]   symbol:   method setPlafond(java.math.BigDecimal)
[ERROR]   location: variable wallet of type com.backend.gns.wallet.domain.models.Wallet
[ERROR] /home/jude/Documents/code/gns/src/main/java/com/backend/gns/admin/domain/services/impl/AdminServiceImpl.java:[67,11] cannot find symbol
[ERROR]   symbol:   method setDateCreation(java.time.LocalDateTime)
[ERROR]   location: variable wallet of type com.backend.gns.wallet.domain.models.Wallet
[ERROR] /home/jude/Documents/code/gns/src/main/java/com/backend/gns/admin/domain/services/impl/AdminServiceImpl.java:[69,10] cannot find symbol
[ERROR]   symbol:   method setWallet(com.backend.gns.wallet.domain.models.Wallet)
[ERROR]   location: variable admin of type com.backend.gns.admin.domain.models.Admin
[ERROR] /home/jude/Documents/code/gns/src/main/java/com/backend/gns/admin/domain/services/impl/AdminServiceImpl.java:[72,5] cannot find symbol
[ERROR]   symbol:   variable log
[ERROR]   location: class com.backend.gns.admin.domain.services.impl.AdminServiceImpl
[ERROR] /home/jude/Documents/code/gns/src/main/java/com/backend/gns/admin/domain/services/impl/AdminServiceImpl.java:[72,82] cannot find symbol
[ERROR]   symbol:   method getTrackingId()
[ERROR]   location: variable savedAdmin of type com.backend.gns.admin.domain.models.Admin
[ERROR] /home/jude/Documents/code/gns/src/main/java/com/backend/gns/admin/domain/services/impl/AdminServiceImpl.java:[79,5] cannot find symbol
[ERROR]   symbol:   variable log
[ERROR]   location: class com.backend.gns.admin.domain.services.impl.AdminServiceImpl
[ERROR] /home/jude/Documents/code/gns/src/main/java/com/backend/gns/admin/domain/services/impl/AdminServiceImpl.java:[86,5] cannot find symbol
[ERROR]   symbol:   variable log
[ERROR]   location: class com.backend.gns.admin.domain.services.impl.AdminServiceImpl
[ERROR] /home/jude/Documents/code/gns/src/main/java/com/backend/gns/admin/domain/services/impl/AdminServiceImpl.java:[89,10] cannot find symbol
[ERROR]   symbol:   method setEmail(java.lang.String)
[ERROR]   location: variable admin of type com.backend.gns.admin.domain.models.Admin
[ERROR] /home/jude/Documents/code/gns/src/main/java/com/backend/gns/admin/domain/services/impl/AdminServiceImpl.java:[90,10] cannot find symbol
[ERROR]   symbol:   method setNom(java.lang.String)
[ERROR]   location: variable admin of type com.backend.gns.admin.domain.models.Admin
[ERROR] /home/jude/Documents/code/gns/src/main/java/com/backend/gns/admin/domain/services/impl/AdminServiceImpl.java:[91,10] cannot find symbol
[ERROR]   symbol:   method setPrenom(java.lang.String)
[ERROR]   location: variable admin of type com.backend.gns.admin.domain.models.Admin
[ERROR] /home/jude/Documents/code/gns/src/main/java/com/backend/gns/admin/domain/services/impl/AdminServiceImpl.java:[92,10] cannot find symbol
[ERROR]   symbol:   method setTelephone(java.lang.String)
[ERROR]   location: variable admin of type com.backend.gns.admin.domain.models.Admin
[ERROR] /home/jude/Documents/code/gns/src/main/java/com/backend/gns/admin/domain/services/impl/AdminServiceImpl.java:[93,10] cannot find symbol
[ERROR]   symbol:   method setDateNaissance(java.time.LocalDateTime)
[ERROR]   location: variable admin of type com.backend.gns.admin.domain.models.Admin
[ERROR] /home/jude/Documents/code/gns/src/main/java/com/backend/gns/admin/domain/services/impl/AdminServiceImpl.java:[94,10] cannot find symbol
[ERROR]   symbol:   method setNumeroCompte(java.lang.String)
[ERROR]   location: variable admin of type com.backend.gns.admin.domain.models.Admin
[ERROR] /home/jude/Documents/code/gns/src/main/java/com/backend/gns/admin/domain/services/impl/AdminServiceImpl.java:[97,5] cannot find symbol
[ERROR]   symbol:   variable log
[ERROR]   location: class com.backend.gns.admin.domain.services.impl.AdminServiceImpl
[ERROR] /home/jude/Documents/code/gns/src/main/java/com/backend/gns/admin/domain/services/impl/AdminServiceImpl.java:[104,5] cannot find symbol
[ERROR]   symbol:   variable log
[ERROR]   location: class com.backend.gns.admin.domain.services.impl.AdminServiceImpl
[ERROR] /home/jude/Documents/code/gns/src/main/java/com/backend/gns/admin/domain/services/impl/AdminServiceImpl.java:[107,5] cannot find symbol
[ERROR]   symbol:   variable log
[ERROR]   location: class com.backend.gns.admin.domain.services.impl.AdminServiceImpl
[ERROR] /home/jude/Documents/code/gns/src/main/java/com/backend/gns/admin/domain/services/impl/AdminServiceImpl.java:[113,5] cannot find symbol
[ERROR]   symbol:   variable log
[ERROR]   location: class com.backend.gns.admin.domain.services.impl.AdminServiceImpl
[ERROR] /home/jude/Documents/code/gns/src/main/java/com/backend/gns/admin/domain/services/impl/BankOperatorServiceImpl.java:[51,11] cannot find symbol
[ERROR]   symbol:   variable log
[ERROR]   location: class com.backend.gns.admin.domain.services.impl.BankOperatorServiceImpl
[ERROR] /home/jude/Documents/code/gns/src/main/java/com/backend/gns/admin/domain/services/impl/BankOperatorServiceImpl.java:[60,5] cannot find symbol
[ERROR]   symbol:   variable log
[ERROR]   location: class com.backend.gns.admin.domain.services.impl.BankOperatorServiceImpl
[ERROR] /home/jude/Documents/code/gns/src/main/java/com/backend/gns/admin/domain/services/impl/BankOperatorServiceImpl.java:[66,11] cannot find symbol
[ERROR]   symbol:   method setTrackingId(java.util.UUID)
[ERROR]   location: variable wallet of type com.backend.gns.wallet.domain.models.Wallet
[ERROR] /home/jude/Documents/code/gns/src/main/java/com/backend/gns/admin/domain/services/impl/BankOperatorServiceImpl.java:[67,11] cannot find symbol
[ERROR]   symbol:   method setTypeWallet(com.backend.gns.wallet.domain.enums.WalletType)
[ERROR]   location: variable wallet of type com.backend.gns.wallet.domain.models.Wallet
[ERROR] /home/jude/Documents/code/gns/src/main/java/com/backend/gns/admin/domain/services/impl/BankOperatorServiceImpl.java:[68,11] cannot find symbol
[ERROR]   symbol:   method setStatutWallet(com.backend.gns.wallet.domain.enums.WalletStatus)
[ERROR]   location: variable wallet of type com.backend.gns.wallet.domain.models.Wallet
[ERROR] /home/jude/Documents/code/gns/src/main/java/com/backend/gns/admin/domain/services/impl/BankOperatorServiceImpl.java:[69,11] cannot find symbol
[ERROR]   symbol:   method setSolde(java.math.BigDecimal)
[ERROR]   location: variable wallet of type com.backend.gns.wallet.domain.models.Wallet
[ERROR] /home/jude/Documents/code/gns/src/main/java/com/backend/gns/admin/domain/services/impl/BankOperatorServiceImpl.java:[72,11] cannot find symbol
[ERROR]   symbol:   method setPlafond(java.math.BigDecimal)
[ERROR]   location: variable wallet of type com.backend.gns.wallet.domain.models.Wallet
[ERROR] /home/jude/Documents/code/gns/src/main/java/com/backend/gns/admin/domain/services/impl/BankOperatorServiceImpl.java:[73,11] cannot find symbol
[ERROR]   symbol:   method setDateCreation(java.time.LocalDateTime)
[ERROR]   location: variable wallet of type com.backend.gns.wallet.domain.models.Wallet
[ERROR] /home/jude/Documents/code/gns/src/main/java/com/backend/gns/admin/domain/services/impl/BankOperatorServiceImpl.java:[75,17] cannot find symbol
[ERROR]   symbol:   method setWallet(com.backend.gns.wallet.domain.models.Wallet)
[ERROR]   location: variable bankOperator of type com.backend.gns.admin.domain.models.BankOperator
[ERROR] /home/jude/Documents/code/gns/src/main/java/com/backend/gns/admin/domain/services/impl/BankOperatorServiceImpl.java:[79,5] cannot find symbol
[ERROR]   symbol:   variable log
[ERROR]   location: class com.backend.gns.admin.domain.services.impl.BankOperatorServiceImpl
[ERROR] /home/jude/Documents/code/gns/src/main/java/com/backend/gns/admin/domain/services/impl/BankOperatorServiceImpl.java:[79,102] cannot find symbol
[ERROR]   symbol:   method getTrackingId()
[ERROR]   location: variable savedBankOperator of type com.backend.gns.admin.domain.models.BankOperator
[ERROR] /home/jude/Documents/code/gns/src/main/java/com/backend/gns/admin/domain/services/impl/BankOperatorServiceImpl.java:[86,5] cannot find symbol
[ERROR]   symbol:   variable log
[ERROR]   location: class com.backend.gns.admin.domain.services.impl.BankOperatorServiceImpl
[ERROR] /home/jude/Documents/code/gns/src/main/java/com/backend/gns/admin/domain/services/impl/BankOperatorServiceImpl.java:[93,5] cannot find symbol
[ERROR]   symbol:   variable log
[ERROR]   location: class com.backend.gns.admin.domain.services.impl.BankOperatorServiceImpl
[ERROR] /home/jude/Documents/code/gns/src/main/java/com/backend/gns/admin/domain/services/impl/BankOperatorServiceImpl.java:[97,17] cannot find symbol
[ERROR]   symbol:   method setEmail(java.lang.String)
[ERROR]   location: variable bankOperator of type com.backend.gns.admin.domain.models.BankOperator
[ERROR] /home/jude/Documents/code/gns/src/main/java/com/backend/gns/admin/domain/services/impl/BankOperatorServiceImpl.java:[98,17] cannot find symbol
[ERROR]   symbol:   method setNom(java.lang.String)
[ERROR]   location: variable bankOperator of type com.backend.gns.admin.domain.models.BankOperator
[ERROR] /home/jude/Documents/code/gns/src/main/java/com/backend/gns/admin/domain/services/impl/BankOperatorServiceImpl.java:[99,17] cannot find symbol
[ERROR]   symbol:   method setPrenom(java.lang.String)
[ERROR]   location: variable bankOperator of type com.backend.gns.admin.domain.models.BankOperator
[ERROR] /home/jude/Documents/code/gns/src/main/java/com/backend/gns/admin/domain/services/impl/BankOperatorServiceImpl.java:[100,17] cannot find symbol
[ERROR]   symbol:   method setTelephone(java.lang.String)
[ERROR]   location: variable bankOperator of type com.backend.gns.admin.domain.models.BankOperator
[ERROR] /home/jude/Documents/code/gns/src/main/java/com/backend/gns/admin/domain/services/impl/BankOperatorServiceImpl.java:[103,5] cannot find symbol
[ERROR]   symbol:   variable log
[ERROR]   location: class com.backend.gns.admin.domain.services.impl.BankOperatorServiceImpl
[ERROR] /home/jude/Documents/code/gns/src/main/java/com/backend/gns/admin/domain/services/impl/BankOperatorServiceImpl.java:[110,5] cannot find symbol
[ERROR]   symbol:   variable log
[ERROR]   location: class com.backend.gns.admin.domain.services.impl.BankOperatorServiceImpl
[ERROR] /home/jude/Documents/code/gns/src/main/java/com/backend/gns/admin/domain/services/impl/BankOperatorServiceImpl.java:[113,5] cannot find symbol
[ERROR]   symbol:   variable log
[ERROR]   location: class com.backend.gns.admin.domain.services.impl.BankOperatorServiceImpl
[ERROR] /home/jude/Documents/code/gns/src/main/java/com/backend/gns/admin/domain/services/impl/BankOperatorServiceImpl.java:[119,5] cannot find symbol
[ERROR]   symbol:   variable log
[ERROR]   location: class com.backend.gns.admin.domain.services.impl.BankOperatorServiceImpl
[ERROR] /home/jude/Documents/code/gns/src/main/java/com/backend/gns/admin/domain/services/impl/DashboardServiceImpl.java:[82,18] cannot find symbol
[ERROR]   symbol:   method getDateVersement()
[ERROR]   location: variable v of type com.backend.gns.wallet.domain.models.Versement
[ERROR] /home/jude/Documents/code/gns/src/main/java/com/backend/gns/admin/domain/services/impl/DashboardServiceImpl.java:[82,50] cannot find symbol
[ERROR]   symbol:   method getMontantVerse()
[ERROR]   location: variable v of type com.backend.gns.wallet.domain.models.Versement
[ERROR] /home/jude/Documents/code/gns/src/main/java/com/backend/gns/admin/domain/services/impl/DashboardServiceImpl.java:[83,30] cannot find symbol
[ERROR]   symbol:   method getDateVersement()
[ERROR]   location: variable v of type com.backend.gns.wallet.domain.models.Versement
[ERROR] /home/jude/Documents/code/gns/src/main/java/com/backend/gns/admin/domain/services/impl/DashboardServiceImpl.java:[84,68] cannot find symbol
[ERROR]   symbol:   method getMontantVerse()
[ERROR]   location: variable v of type com.backend.gns.wallet.domain.models.Versement
[ERROR] /home/jude/Documents/code/gns/src/main/java/com/backend/gns/admin/domain/services/impl/DashboardServiceImpl.java:[89,18] cannot find symbol
[ERROR]   symbol:   method getDate()
[ERROR]   location: variable p of type com.backend.gns.paiement.domain.models.Paiement
[ERROR] -> [Help 1]
[ERROR] 
[ERROR] To see the full stack trace of the errors, re-run Maven with the -e switch.
[ERROR] Re-run Maven using the -X switch to enable full debug logging.
[ERROR] 
[ERROR] For more information about the errors and possible solutions, please read the following articles:
[ERROR] [Help 1] http://cwiki.apache.org/confluence/display/MAVEN/MojoFailureException
